

Microchip MPLAB XC8 Assembler V3.10 build 20250813170317 
                                                                                               Tue Sep 15 18:11:31 2026

Microchip MPLAB XC8 C Compiler v3.10 (Free license) build 20250813170317 Og1 
     1                           	processor	12F1572
     2                           	pagewidth 120
     3                           	opt	flic
     4                           	psect	nvCOMMON,global,class=COMMON,space=1,delta=1,noexec
     5                           	psect	cinit,global,class=CODE,space=0,merge=1,delta=2
     6                           	psect	cstackCOMMON,global,class=COMMON,space=1,delta=1,noexec
     7                           	psect	maintext,global,class=CODE,space=0,merge=1,split=1,delta=2
     8                           	psect	text1,local,class=CODE,space=0,merge=1,delta=2
     9                           	psect	text2,local,class=CODE,space=0,merge=1,delta=2
    10                           	psect	text3,local,class=CODE,space=0,merge=1,delta=2
    11                           	psect	text4,local,class=CODE,space=0,merge=1,delta=2
    12                           	psect	text5,local,class=CODE,space=0,merge=1,delta=2
    13                           	psect	config,global,abs,ovrld,class=CONFIG,space=4,delta=2,noexec
    14                           	dabs	1,0x7E,2
    15     0000                     
    16                           ; Generated 27/03/2025 GMT
    17                           ; 
    18                           ; Copyright © 2025, Microchip Technology Inc. and its subsidiaries ("Microchip")
    19                           ; All rights reserved.
    20                           ; 
    21                           ; This software is developed by Microchip Technology Inc. and its subsidiaries ("Microch
      +                          ip").
    22                           ; 
    23                           ; Redistribution and use in source and binary forms, with or without modification, are
    24                           ; permitted provided that the following conditions are met:
    25                           ; 
    26                           ;     1. Redistributions of source code must retain the above copyright notice, this lis
      +                          t of
    27                           ;        conditions and the following disclaimer.
    28                           ; 
    29                           ;     2. Redistributions in binary form must reproduce the above copyright notice, this 
      +                          list
    30                           ;        of conditions and the following disclaimer in the documentation and/or other
    31                           ;        materials provided with the distribution. Publication is not required when
    32                           ;        this file is used in an embedded application.
    33                           ; 
    34                           ;     3. Microchip's name may not be used to endorse or promote products derived from th
      +                          is
    35                           ;        software without specific prior written permission.
    36                           ; 
    37                           ; THIS SOFTWARE IS PROVIDED BY MICROCHIP "AS IS" AND ANY EXPRESS OR IMPLIED WARRANTIES,
    38                           ; INCLUDING, BUT NOT LIMITED TO, THE IMPLIED WARRANTIES OF MERCHANTABILITY AND FITNESS F
      +                          OR
    39                           ; PURPOSE ARE DISCLAIMED.  IN NO EVENT SHALL MICROCHIP BE LIABLE FOR ANY DIRECT, INDIREC
      +                          T,
    40                           ; INCIDENTAL, SPECIAL, EXEMPLARY, OR CONSEQUENTIAL DAMAGES (INCLUDING BUT NOT LIMITED TO
    41                           ; PROCUREMENT OF SUBSTITUTE GOODS OR SERVICES; LOSS OF USE, DATA OR PROFITS; OR BUSINESS
    42                           ; INTERRUPTION) HOWSOEVER CAUSED AND ON ANY THEORY OF LIABILITY, WHETHER IN CONTRACT, ST
      +                          RICT
    43                           ; LIABILITY, OR TORT (INCLUDING NEGLIGENCE OR OTHERWISE) ARISING IN ANY WAY OUT OF THE U
      +                          SE OF
    44                           ; THIS SOFTWARE, EVEN IF ADVISED OF THE POSSIBILITY OF SUCH DAMAGE.
    45                           ; 
    46                           ; 
    47                           ; Code-generator required, PIC12F1572 Definitions
    48                           ; 
    49                           ; SFR Addresses
    50     0008                     bsr             equ	8
    51     0005                     fsr0h           equ	5
    52     0004                     fsr0l           equ	4
    53     0007                     fsr1h           equ	7
    54     0006                     fsr1l           equ	6
    55     0000                     indf            equ	0
    56     0000                     indf0           equ	0
    57     0001                     indf1           equ	1
    58     000B                     intcon          equ	11
    59     0002                     pc              equ	2
    60     0002                     pcl             equ	2
    61     000A                     pclath          equ	10
    62     0003                     status          equ	3
    63     0009                     wreg            equ	9
    64     0000                     INDF0           equ	0	;# 
    65     0001                     INDF1           equ	1	;# 
    66     0002                     PCL             equ	2	;# 
    67     0003                     STATUS          equ	3	;# 
    68     0004                     FSR0L           equ	4	;# 
    69     0005                     FSR0H           equ	5	;# 
    70     0006                     FSR1L           equ	6	;# 
    71     0007                     FSR1H           equ	7	;# 
    72     0008                     BSR             equ	8	;# 
    73     0009                     WREG            equ	9	;# 
    74     000A                     PCLATH          equ	10	;# 
    75     000B                     INTCON          equ	11	;# 
    76     000C                     PORTA           equ	12	;# 
    77     0011                     PIR1            equ	17	;# 
    78     0012                     PIR2            equ	18	;# 
    79     0013                     PIR3            equ	19	;# 
    80     0015                     TMR0            equ	21	;# 
    81     0016                     TMR1            equ	22	;# 
    82     0016                     TMR1L           equ	22	;# 
    83     0017                     TMR1H           equ	23	;# 
    84     0018                     T1CON           equ	24	;# 
    85     0019                     T1GCON          equ	25	;# 
    86     001A                     TMR2            equ	26	;# 
    87     001B                     PR2             equ	27	;# 
    88     001C                     T2CON           equ	28	;# 
    89     008C                     TRISA           equ	140	;# 
    90     0091                     PIE1            equ	145	;# 
    91     0092                     PIE2            equ	146	;# 
    92     0093                     PIE3            equ	147	;# 
    93     0095                     OPTION_REG      equ	149	;# 
    94     0096                     PCON            equ	150	;# 
    95     0097                     WDTCON          equ	151	;# 
    96     0098                     OSCTUNE         equ	152	;# 
    97     0099                     OSCCON          equ	153	;# 
    98     009A                     OSCSTAT         equ	154	;# 
    99     009B                     ADRES           equ	155	;# 
   100     009B                     ADRESL          equ	155	;# 
   101     009C                     ADRESH          equ	156	;# 
   102     009D                     ADCON0          equ	157	;# 
   103     009E                     ADCON1          equ	158	;# 
   104     009F                     ADCON2          equ	159	;# 
   105     010C                     LATA            equ	268	;# 
   106     0111                     CM1CON0         equ	273	;# 
   107     0112                     CM1CON1         equ	274	;# 
   108     0115                     CMOUT           equ	277	;# 
   109     0116                     BORCON          equ	278	;# 
   110     0117                     FVRCON          equ	279	;# 
   111     0118                     DACCON0         equ	280	;# 
   112     0119                     DACCON1         equ	281	;# 
   113     011D                     APFCON          equ	285	;# 
   114     011D                     APFCON0         equ	285	;# 
   115     018C                     ANSELA          equ	396	;# 
   116     0191                     PMADR           equ	401	;# 
   117     0191                     PMADRL          equ	401	;# 
   118     0192                     PMADRH          equ	402	;# 
   119     0193                     PMDAT           equ	403	;# 
   120     0193                     PMDATL          equ	403	;# 
   121     0194                     PMDATH          equ	404	;# 
   122     0195                     PMCON1          equ	405	;# 
   123     0196                     PMCON2          equ	406	;# 
   124     0197                     VREGCON         equ	407	;# 
   125     0199                     RCREG           equ	409	;# 
   126     019A                     TXREG           equ	410	;# 
   127     019B                     SPBRG           equ	411	;# 
   128     019B                     SPBRGL          equ	411	;# 
   129     019C                     SPBRGH          equ	412	;# 
   130     019D                     RCSTA           equ	413	;# 
   131     019E                     TXSTA           equ	414	;# 
   132     019F                     BAUDCON         equ	415	;# 
   133     020C                     WPUA            equ	524	;# 
   134     028C                     ODCONA          equ	652	;# 
   135     030C                     SLRCONA         equ	780	;# 
   136     038C                     INLVLA          equ	908	;# 
   137     0391                     IOCAP           equ	913	;# 
   138     0392                     IOCAN           equ	914	;# 
   139     0393                     IOCAF           equ	915	;# 
   140     0691                     CWG1DBR         equ	1681	;# 
   141     0692                     CWG1DBF         equ	1682	;# 
   142     0693                     CWG1CON0        equ	1683	;# 
   143     0694                     CWG1CON1        equ	1684	;# 
   144     0695                     CWG1CON2        equ	1685	;# 
   145     0D8E                     PWMEN           equ	3470	;# 
   146     0D8F                     PWMLD           equ	3471	;# 
   147     0D90                     PWMOUT          equ	3472	;# 
   148     0D91                     PWM1PH          equ	3473	;# 
   149     0D91                     PWM1PHL         equ	3473	;# 
   150     0D92                     PWM1PHH         equ	3474	;# 
   151     0D93                     PWM1DC          equ	3475	;# 
   152     0D93                     PWM1DCL         equ	3475	;# 
   153     0D94                     PWM1DCH         equ	3476	;# 
   154     0D95                     PWM1PR          equ	3477	;# 
   155     0D95                     PWM1PRL         equ	3477	;# 
   156     0D96                     PWM1PRH         equ	3478	;# 
   157     0D97                     PWM1OF          equ	3479	;# 
   158     0D97                     PWM1OFL         equ	3479	;# 
   159     0D98                     PWM1OFH         equ	3480	;# 
   160     0D99                     PWM1TMR         equ	3481	;# 
   161     0D99                     PWM1TMRL        equ	3481	;# 
   162     0D9A                     PWM1TMRH        equ	3482	;# 
   163     0D9B                     PWM1CON         equ	3483	;# 
   164     0D9C                     PWM1INTE        equ	3484	;# 
   165     0D9C                     PWM1INTCON      equ	3484	;# 
   166     0D9D                     PWM1INTF        equ	3485	;# 
   167     0D9D                     PWM1INTFLG      equ	3485	;# 
   168     0D9E                     PWM1CLKCON      equ	3486	;# 
   169     0D9F                     PWM1LDCON       equ	3487	;# 
   170     0DA0                     PWM1OFCON       equ	3488	;# 
   171     0DA1                     PWM2PH          equ	3489	;# 
   172     0DA1                     PWM2PHL         equ	3489	;# 
   173     0DA2                     PWM2PHH         equ	3490	;# 
   174     0DA3                     PWM2DC          equ	3491	;# 
   175     0DA3                     PWM2DCL         equ	3491	;# 
   176     0DA4                     PWM2DCH         equ	3492	;# 
   177     0DA5                     PWM2PR          equ	3493	;# 
   178     0DA5                     PWM2PRL         equ	3493	;# 
   179     0DA6                     PWM2PRH         equ	3494	;# 
   180     0DA7                     PWM2OF          equ	3495	;# 
   181     0DA7                     PWM2OFL         equ	3495	;# 
   182     0DA8                     PWM2OFH         equ	3496	;# 
   183     0DA9                     PWM2TMR         equ	3497	;# 
   184     0DA9                     PWM2TMRL        equ	3497	;# 
   185     0DAA                     PWM2TMRH        equ	3498	;# 
   186     0DAB                     PWM2CON         equ	3499	;# 
   187     0DAC                     PWM2INTE        equ	3500	;# 
   188     0DAC                     PWM2INTCON      equ	3500	;# 
   189     0DAD                     PWM2INTF        equ	3501	;# 
   190     0DAD                     PWM2INTFLG      equ	3501	;# 
   191     0DAE                     PWM2CLKCON      equ	3502	;# 
   192     0DAF                     PWM2LDCON       equ	3503	;# 
   193     0DB0                     PWM2OFCON       equ	3504	;# 
   194     0DB1                     PWM3PH          equ	3505	;# 
   195     0DB1                     PWM3PHL         equ	3505	;# 
   196     0DB2                     PWM3PHH         equ	3506	;# 
   197     0DB3                     PWM3DC          equ	3507	;# 
   198     0DB3                     PWM3DCL         equ	3507	;# 
   199     0DB4                     PWM3DCH         equ	3508	;# 
   200     0DB5                     PWM3PR          equ	3509	;# 
   201     0DB5                     PWM3PRL         equ	3509	;# 
   202     0DB6                     PWM3PRH         equ	3510	;# 
   203     0DB7                     PWM3OF          equ	3511	;# 
   204     0DB7                     PWM3OFL         equ	3511	;# 
   205     0DB8                     PWM3OFH         equ	3512	;# 
   206     0DB9                     PWM3TMR         equ	3513	;# 
   207     0DB9                     PWM3TMRL        equ	3513	;# 
   208     0DBA                     PWM3TMRH        equ	3514	;# 
   209     0DBB                     PWM3CON         equ	3515	;# 
   210     0DBC                     PWM3INTE        equ	3516	;# 
   211     0DBC                     PWM3INTCON      equ	3516	;# 
   212     0DBD                     PWM3INTF        equ	3517	;# 
   213     0DBD                     PWM3INTFLG      equ	3517	;# 
   214     0DBE                     PWM3CLKCON      equ	3518	;# 
   215     0DBF                     PWM3LDCON       equ	3519	;# 
   216     0DC0                     PWM3OFCON       equ	3520	;# 
   217     0FE4                     STATUS_SHAD     equ	4068	;# 
   218     0FE5                     WREG_SHAD       equ	4069	;# 
   219     0FE6                     BSR_SHAD        equ	4070	;# 
   220     0FE7                     PCLATH_SHAD     equ	4071	;# 
   221     0FE8                     FSR0_SHAD       equ	4072	;# 
   222     0FE8                     FSR0L_SHAD      equ	4072	;# 
   223     0FE9                     FSR0H_SHAD      equ	4073	;# 
   224     0FEA                     FSR1_SHAD       equ	4074	;# 
   225     0FEA                     FSR1L_SHAD      equ	4074	;# 
   226     0FEB                     FSR1H_SHAD      equ	4075	;# 
   227     0FED                     STKPTR          equ	4077	;# 
   228     0FEE                     TOS             equ	4078	;# 
   229     0FEE                     TOSL            equ	4078	;# 
   230     0FEF                     TOSH            equ	4079	;# 
   231     0000                     INDF0           equ	0	;# 
   232     0001                     INDF1           equ	1	;# 
   233     0002                     PCL             equ	2	;# 
   234     0003                     STATUS          equ	3	;# 
   235     0004                     FSR0L           equ	4	;# 
   236     0005                     FSR0H           equ	5	;# 
   237     0006                     FSR1L           equ	6	;# 
   238     0007                     FSR1H           equ	7	;# 
   239     0008                     BSR             equ	8	;# 
   240     0009                     WREG            equ	9	;# 
   241     000A                     PCLATH          equ	10	;# 
   242     000B                     INTCON          equ	11	;# 
   243     000C                     PORTA           equ	12	;# 
   244     0011                     PIR1            equ	17	;# 
   245     0012                     PIR2            equ	18	;# 
   246     0013                     PIR3            equ	19	;# 
   247     0015                     TMR0            equ	21	;# 
   248     0016                     TMR1            equ	22	;# 
   249     0016                     TMR1L           equ	22	;# 
   250     0017                     TMR1H           equ	23	;# 
   251     0018                     T1CON           equ	24	;# 
   252     0019                     T1GCON          equ	25	;# 
   253     001A                     TMR2            equ	26	;# 
   254     001B                     PR2             equ	27	;# 
   255     001C                     T2CON           equ	28	;# 
   256     008C                     TRISA           equ	140	;# 
   257     0091                     PIE1            equ	145	;# 
   258     0092                     PIE2            equ	146	;# 
   259     0093                     PIE3            equ	147	;# 
   260     0095                     OPTION_REG      equ	149	;# 
   261     0096                     PCON            equ	150	;# 
   262     0097                     WDTCON          equ	151	;# 
   263     0098                     OSCTUNE         equ	152	;# 
   264     0099                     OSCCON          equ	153	;# 
   265     009A                     OSCSTAT         equ	154	;# 
   266     009B                     ADRES           equ	155	;# 
   267     009B                     ADRESL          equ	155	;# 
   268     009C                     ADRESH          equ	156	;# 
   269     009D                     ADCON0          equ	157	;# 
   270     009E                     ADCON1          equ	158	;# 
   271     009F                     ADCON2          equ	159	;# 
   272     010C                     LATA            equ	268	;# 
   273     0111                     CM1CON0         equ	273	;# 
   274     0112                     CM1CON1         equ	274	;# 
   275     0115                     CMOUT           equ	277	;# 
   276     0116                     BORCON          equ	278	;# 
   277     0117                     FVRCON          equ	279	;# 
   278     0118                     DACCON0         equ	280	;# 
   279     0119                     DACCON1         equ	281	;# 
   280     011D                     APFCON          equ	285	;# 
   281     011D                     APFCON0         equ	285	;# 
   282     018C                     ANSELA          equ	396	;# 
   283     0191                     PMADR           equ	401	;# 
   284     0191                     PMADRL          equ	401	;# 
   285     0192                     PMADRH          equ	402	;# 
   286     0193                     PMDAT           equ	403	;# 
   287     0193                     PMDATL          equ	403	;# 
   288     0194                     PMDATH          equ	404	;# 
   289     0195                     PMCON1          equ	405	;# 
   290     0196                     PMCON2          equ	406	;# 
   291     0197                     VREGCON         equ	407	;# 
   292     0199                     RCREG           equ	409	;# 
   293     019A                     TXREG           equ	410	;# 
   294     019B                     SPBRG           equ	411	;# 
   295     019B                     SPBRGL          equ	411	;# 
   296     019C                     SPBRGH          equ	412	;# 
   297     019D                     RCSTA           equ	413	;# 
   298     019E                     TXSTA           equ	414	;# 
   299     019F                     BAUDCON         equ	415	;# 
   300     020C                     WPUA            equ	524	;# 
   301     028C                     ODCONA          equ	652	;# 
   302     030C                     SLRCONA         equ	780	;# 
   303     038C                     INLVLA          equ	908	;# 
   304     0391                     IOCAP           equ	913	;# 
   305     0392                     IOCAN           equ	914	;# 
   306     0393                     IOCAF           equ	915	;# 
   307     0691                     CWG1DBR         equ	1681	;# 
   308     0692                     CWG1DBF         equ	1682	;# 
   309     0693                     CWG1CON0        equ	1683	;# 
   310     0694                     CWG1CON1        equ	1684	;# 
   311     0695                     CWG1CON2        equ	1685	;# 
   312     0D8E                     PWMEN           equ	3470	;# 
   313     0D8F                     PWMLD           equ	3471	;# 
   314     0D90                     PWMOUT          equ	3472	;# 
   315     0D91                     PWM1PH          equ	3473	;# 
   316     0D91                     PWM1PHL         equ	3473	;# 
   317     0D92                     PWM1PHH         equ	3474	;# 
   318     0D93                     PWM1DC          equ	3475	;# 
   319     0D93                     PWM1DCL         equ	3475	;# 
   320     0D94                     PWM1DCH         equ	3476	;# 
   321     0D95                     PWM1PR          equ	3477	;# 
   322     0D95                     PWM1PRL         equ	3477	;# 
   323     0D96                     PWM1PRH         equ	3478	;# 
   324     0D97                     PWM1OF          equ	3479	;# 
   325     0D97                     PWM1OFL         equ	3479	;# 
   326     0D98                     PWM1OFH         equ	3480	;# 
   327     0D99                     PWM1TMR         equ	3481	;# 
   328     0D99                     PWM1TMRL        equ	3481	;# 
   329     0D9A                     PWM1TMRH        equ	3482	;# 
   330     0D9B                     PWM1CON         equ	3483	;# 
   331     0D9C                     PWM1INTE        equ	3484	;# 
   332     0D9C                     PWM1INTCON      equ	3484	;# 
   333     0D9D                     PWM1INTF        equ	3485	;# 
   334     0D9D                     PWM1INTFLG      equ	3485	;# 
   335     0D9E                     PWM1CLKCON      equ	3486	;# 
   336     0D9F                     PWM1LDCON       equ	3487	;# 
   337     0DA0                     PWM1OFCON       equ	3488	;# 
   338     0DA1                     PWM2PH          equ	3489	;# 
   339     0DA1                     PWM2PHL         equ	3489	;# 
   340     0DA2                     PWM2PHH         equ	3490	;# 
   341     0DA3                     PWM2DC          equ	3491	;# 
   342     0DA3                     PWM2DCL         equ	3491	;# 
   343     0DA4                     PWM2DCH         equ	3492	;# 
   344     0DA5                     PWM2PR          equ	3493	;# 
   345     0DA5                     PWM2PRL         equ	3493	;# 
   346     0DA6                     PWM2PRH         equ	3494	;# 
   347     0DA7                     PWM2OF          equ	3495	;# 
   348     0DA7                     PWM2OFL         equ	3495	;# 
   349     0DA8                     PWM2OFH         equ	3496	;# 
   350     0DA9                     PWM2TMR         equ	3497	;# 
   351     0DA9                     PWM2TMRL        equ	3497	;# 
   352     0DAA                     PWM2TMRH        equ	3498	;# 
   353     0DAB                     PWM2CON         equ	3499	;# 
   354     0DAC                     PWM2INTE        equ	3500	;# 
   355     0DAC                     PWM2INTCON      equ	3500	;# 
   356     0DAD                     PWM2INTF        equ	3501	;# 
   357     0DAD                     PWM2INTFLG      equ	3501	;# 
   358     0DAE                     PWM2CLKCON      equ	3502	;# 
   359     0DAF                     PWM2LDCON       equ	3503	;# 
   360     0DB0                     PWM2OFCON       equ	3504	;# 
   361     0DB1                     PWM3PH          equ	3505	;# 
   362     0DB1                     PWM3PHL         equ	3505	;# 
   363     0DB2                     PWM3PHH         equ	3506	;# 
   364     0DB3                     PWM3DC          equ	3507	;# 
   365     0DB3                     PWM3DCL         equ	3507	;# 
   366     0DB4                     PWM3DCH         equ	3508	;# 
   367     0DB5                     PWM3PR          equ	3509	;# 
   368     0DB5                     PWM3PRL         equ	3509	;# 
   369     0DB6                     PWM3PRH         equ	3510	;# 
   370     0DB7                     PWM3OF          equ	3511	;# 
   371     0DB7                     PWM3OFL         equ	3511	;# 
   372     0DB8                     PWM3OFH         equ	3512	;# 
   373     0DB9                     PWM3TMR         equ	3513	;# 
   374     0DB9                     PWM3TMRL        equ	3513	;# 
   375     0DBA                     PWM3TMRH        equ	3514	;# 
   376     0DBB                     PWM3CON         equ	3515	;# 
   377     0DBC                     PWM3INTE        equ	3516	;# 
   378     0DBC                     PWM3INTCON      equ	3516	;# 
   379     0DBD                     PWM3INTF        equ	3517	;# 
   380     0DBD                     PWM3INTFLG      equ	3517	;# 
   381     0DBE                     PWM3CLKCON      equ	3518	;# 
   382     0DBF                     PWM3LDCON       equ	3519	;# 
   383     0DC0                     PWM3OFCON       equ	3520	;# 
   384     0FE4                     STATUS_SHAD     equ	4068	;# 
   385     0FE5                     WREG_SHAD       equ	4069	;# 
   386     0FE6                     BSR_SHAD        equ	4070	;# 
   387     0FE7                     PCLATH_SHAD     equ	4071	;# 
   388     0FE8                     FSR0_SHAD       equ	4072	;# 
   389     0FE8                     FSR0L_SHAD      equ	4072	;# 
   390     0FE9                     FSR0H_SHAD      equ	4073	;# 
   391     0FEA                     FSR1_SHAD       equ	4074	;# 
   392     0FEA                     FSR1L_SHAD      equ	4074	;# 
   393     0FEB                     FSR1H_SHAD      equ	4075	;# 
   394     0FED                     STKPTR          equ	4077	;# 
   395     0FEE                     TOS             equ	4078	;# 
   396     0FEE                     TOSL            equ	4078	;# 
   397     0FEF                     TOSH            equ	4079	;# 
   398     0000                     INDF0           equ	0	;# 
   399     0001                     INDF1           equ	1	;# 
   400     0002                     PCL             equ	2	;# 
   401     0003                     STATUS          equ	3	;# 
   402     0004                     FSR0L           equ	4	;# 
   403     0005                     FSR0H           equ	5	;# 
   404     0006                     FSR1L           equ	6	;# 
   405     0007                     FSR1H           equ	7	;# 
   406     0008                     BSR             equ	8	;# 
   407     0009                     WREG            equ	9	;# 
   408     000A                     PCLATH          equ	10	;# 
   409     000B                     INTCON          equ	11	;# 
   410     000C                     PORTA           equ	12	;# 
   411     0011                     PIR1            equ	17	;# 
   412     0012                     PIR2            equ	18	;# 
   413     0013                     PIR3            equ	19	;# 
   414     0015                     TMR0            equ	21	;# 
   415     0016                     TMR1            equ	22	;# 
   416     0016                     TMR1L           equ	22	;# 
   417     0017                     TMR1H           equ	23	;# 
   418     0018                     T1CON           equ	24	;# 
   419     0019                     T1GCON          equ	25	;# 
   420     001A                     TMR2            equ	26	;# 
   421     001B                     PR2             equ	27	;# 
   422     001C                     T2CON           equ	28	;# 
   423     008C                     TRISA           equ	140	;# 
   424     0091                     PIE1            equ	145	;# 
   425     0092                     PIE2            equ	146	;# 
   426     0093                     PIE3            equ	147	;# 
   427     0095                     OPTION_REG      equ	149	;# 
   428     0096                     PCON            equ	150	;# 
   429     0097                     WDTCON          equ	151	;# 
   430     0098                     OSCTUNE         equ	152	;# 
   431     0099                     OSCCON          equ	153	;# 
   432     009A                     OSCSTAT         equ	154	;# 
   433     009B                     ADRES           equ	155	;# 
   434     009B                     ADRESL          equ	155	;# 
   435     009C                     ADRESH          equ	156	;# 
   436     009D                     ADCON0          equ	157	;# 
   437     009E                     ADCON1          equ	158	;# 
   438     009F                     ADCON2          equ	159	;# 
   439     010C                     LATA            equ	268	;# 
   440     0111                     CM1CON0         equ	273	;# 
   441     0112                     CM1CON1         equ	274	;# 
   442     0115                     CMOUT           equ	277	;# 
   443     0116                     BORCON          equ	278	;# 
   444     0117                     FVRCON          equ	279	;# 
   445     0118                     DACCON0         equ	280	;# 
   446     0119                     DACCON1         equ	281	;# 
   447     011D                     APFCON          equ	285	;# 
   448     011D                     APFCON0         equ	285	;# 
   449     018C                     ANSELA          equ	396	;# 
   450     0191                     PMADR           equ	401	;# 
   451     0191                     PMADRL          equ	401	;# 
   452     0192                     PMADRH          equ	402	;# 
   453     0193                     PMDAT           equ	403	;# 
   454     0193                     PMDATL          equ	403	;# 
   455     0194                     PMDATH          equ	404	;# 
   456     0195                     PMCON1          equ	405	;# 
   457     0196                     PMCON2          equ	406	;# 
   458     0197                     VREGCON         equ	407	;# 
   459     0199                     RCREG           equ	409	;# 
   460     019A                     TXREG           equ	410	;# 
   461     019B                     SPBRG           equ	411	;# 
   462     019B                     SPBRGL          equ	411	;# 
   463     019C                     SPBRGH          equ	412	;# 
   464     019D                     RCSTA           equ	413	;# 
   465     019E                     TXSTA           equ	414	;# 
   466     019F                     BAUDCON         equ	415	;# 
   467     020C                     WPUA            equ	524	;# 
   468     028C                     ODCONA          equ	652	;# 
   469     030C                     SLRCONA         equ	780	;# 
   470     038C                     INLVLA          equ	908	;# 
   471     0391                     IOCAP           equ	913	;# 
   472     0392                     IOCAN           equ	914	;# 
   473     0393                     IOCAF           equ	915	;# 
   474     0691                     CWG1DBR         equ	1681	;# 
   475     0692                     CWG1DBF         equ	1682	;# 
   476     0693                     CWG1CON0        equ	1683	;# 
   477     0694                     CWG1CON1        equ	1684	;# 
   478     0695                     CWG1CON2        equ	1685	;# 
   479     0D8E                     PWMEN           equ	3470	;# 
   480     0D8F                     PWMLD           equ	3471	;# 
   481     0D90                     PWMOUT          equ	3472	;# 
   482     0D91                     PWM1PH          equ	3473	;# 
   483     0D91                     PWM1PHL         equ	3473	;# 
   484     0D92                     PWM1PHH         equ	3474	;# 
   485     0D93                     PWM1DC          equ	3475	;# 
   486     0D93                     PWM1DCL         equ	3475	;# 
   487     0D94                     PWM1DCH         equ	3476	;# 
   488     0D95                     PWM1PR          equ	3477	;# 
   489     0D95                     PWM1PRL         equ	3477	;# 
   490     0D96                     PWM1PRH         equ	3478	;# 
   491     0D97                     PWM1OF          equ	3479	;# 
   492     0D97                     PWM1OFL         equ	3479	;# 
   493     0D98                     PWM1OFH         equ	3480	;# 
   494     0D99                     PWM1TMR         equ	3481	;# 
   495     0D99                     PWM1TMRL        equ	3481	;# 
   496     0D9A                     PWM1TMRH        equ	3482	;# 
   497     0D9B                     PWM1CON         equ	3483	;# 
   498     0D9C                     PWM1INTE        equ	3484	;# 
   499     0D9C                     PWM1INTCON      equ	3484	;# 
   500     0D9D                     PWM1INTF        equ	3485	;# 
   501     0D9D                     PWM1INTFLG      equ	3485	;# 
   502     0D9E                     PWM1CLKCON      equ	3486	;# 
   503     0D9F                     PWM1LDCON       equ	3487	;# 
   504     0DA0                     PWM1OFCON       equ	3488	;# 
   505     0DA1                     PWM2PH          equ	3489	;# 
   506     0DA1                     PWM2PHL         equ	3489	;# 
   507     0DA2                     PWM2PHH         equ	3490	;# 
   508     0DA3                     PWM2DC          equ	3491	;# 
   509     0DA3                     PWM2DCL         equ	3491	;# 
   510     0DA4                     PWM2DCH         equ	3492	;# 
   511     0DA5                     PWM2PR          equ	3493	;# 
   512     0DA5                     PWM2PRL         equ	3493	;# 
   513     0DA6                     PWM2PRH         equ	3494	;# 
   514     0DA7                     PWM2OF          equ	3495	;# 
   515     0DA7                     PWM2OFL         equ	3495	;# 
   516     0DA8                     PWM2OFH         equ	3496	;# 
   517     0DA9                     PWM2TMR         equ	3497	;# 
   518     0DA9                     PWM2TMRL        equ	3497	;# 
   519     0DAA                     PWM2TMRH        equ	3498	;# 
   520     0DAB                     PWM2CON         equ	3499	;# 
   521     0DAC                     PWM2INTE        equ	3500	;# 
   522     0DAC                     PWM2INTCON      equ	3500	;# 
   523     0DAD                     PWM2INTF        equ	3501	;# 
   524     0DAD                     PWM2INTFLG      equ	3501	;# 
   525     0DAE                     PWM2CLKCON      equ	3502	;# 
   526     0DAF                     PWM2LDCON       equ	3503	;# 
   527     0DB0                     PWM2OFCON       equ	3504	;# 
   528     0DB1                     PWM3PH          equ	3505	;# 
   529     0DB1                     PWM3PHL         equ	3505	;# 
   530     0DB2                     PWM3PHH         equ	3506	;# 
   531     0DB3                     PWM3DC          equ	3507	;# 
   532     0DB3                     PWM3DCL         equ	3507	;# 
   533     0DB4                     PWM3DCH         equ	3508	;# 
   534     0DB5                     PWM3PR          equ	3509	;# 
   535     0DB5                     PWM3PRL         equ	3509	;# 
   536     0DB6                     PWM3PRH         equ	3510	;# 
   537     0DB7                     PWM3OF          equ	3511	;# 
   538     0DB7                     PWM3OFL         equ	3511	;# 
   539     0DB8                     PWM3OFH         equ	3512	;# 
   540     0DB9                     PWM3TMR         equ	3513	;# 
   541     0DB9                     PWM3TMRL        equ	3513	;# 
   542     0DBA                     PWM3TMRH        equ	3514	;# 
   543     0DBB                     PWM3CON         equ	3515	;# 
   544     0DBC                     PWM3INTE        equ	3516	;# 
   545     0DBC                     PWM3INTCON      equ	3516	;# 
   546     0DBD                     PWM3INTF        equ	3517	;# 
   547     0DBD                     PWM3INTFLG      equ	3517	;# 
   548     0DBE                     PWM3CLKCON      equ	3518	;# 
   549     0DBF                     PWM3LDCON       equ	3519	;# 
   550     0DC0                     PWM3OFCON       equ	3520	;# 
   551     0FE4                     STATUS_SHAD     equ	4068	;# 
   552     0FE5                     WREG_SHAD       equ	4069	;# 
   553     0FE6                     BSR_SHAD        equ	4070	;# 
   554     0FE7                     PCLATH_SHAD     equ	4071	;# 
   555     0FE8                     FSR0_SHAD       equ	4072	;# 
   556     0FE8                     FSR0L_SHAD      equ	4072	;# 
   557     0FE9                     FSR0H_SHAD      equ	4073	;# 
   558     0FEA                     FSR1_SHAD       equ	4074	;# 
   559     0FEA                     FSR1L_SHAD      equ	4074	;# 
   560     0FEB                     FSR1H_SHAD      equ	4075	;# 
   561     0FED                     STKPTR          equ	4077	;# 
   562     0FEE                     TOS             equ	4078	;# 
   563     0FEE                     TOSL            equ	4078	;# 
   564     0FEF                     TOSH            equ	4079	;# 
   565     0000                     INDF0           equ	0	;# 
   566     0001                     INDF1           equ	1	;# 
   567     0002                     PCL             equ	2	;# 
   568     0003                     STATUS          equ	3	;# 
   569     0004                     FSR0L           equ	4	;# 
   570     0005                     FSR0H           equ	5	;# 
   571     0006                     FSR1L           equ	6	;# 
   572     0007                     FSR1H           equ	7	;# 
   573     0008                     BSR             equ	8	;# 
   574     0009                     WREG            equ	9	;# 
   575     000A                     PCLATH          equ	10	;# 
   576     000B                     INTCON          equ	11	;# 
   577     000C                     PORTA           equ	12	;# 
   578     0011                     PIR1            equ	17	;# 
   579     0012                     PIR2            equ	18	;# 
   580     0013                     PIR3            equ	19	;# 
   581     0015                     TMR0            equ	21	;# 
   582     0016                     TMR1            equ	22	;# 
   583     0016                     TMR1L           equ	22	;# 
   584     0017                     TMR1H           equ	23	;# 
   585     0018                     T1CON           equ	24	;# 
   586     0019                     T1GCON          equ	25	;# 
   587     001A                     TMR2            equ	26	;# 
   588     001B                     PR2             equ	27	;# 
   589     001C                     T2CON           equ	28	;# 
   590     008C                     TRISA           equ	140	;# 
   591     0091                     PIE1            equ	145	;# 
   592     0092                     PIE2            equ	146	;# 
   593     0093                     PIE3            equ	147	;# 
   594     0095                     OPTION_REG      equ	149	;# 
   595     0096                     PCON            equ	150	;# 
   596     0097                     WDTCON          equ	151	;# 
   597     0098                     OSCTUNE         equ	152	;# 
   598     0099                     OSCCON          equ	153	;# 
   599     009A                     OSCSTAT         equ	154	;# 
   600     009B                     ADRES           equ	155	;# 
   601     009B                     ADRESL          equ	155	;# 
   602     009C                     ADRESH          equ	156	;# 
   603     009D                     ADCON0          equ	157	;# 
   604     009E                     ADCON1          equ	158	;# 
   605     009F                     ADCON2          equ	159	;# 
   606     010C                     LATA            equ	268	;# 
   607     0111                     CM1CON0         equ	273	;# 
   608     0112                     CM1CON1         equ	274	;# 
   609     0115                     CMOUT           equ	277	;# 
   610     0116                     BORCON          equ	278	;# 
   611     0117                     FVRCON          equ	279	;# 
   612     0118                     DACCON0         equ	280	;# 
   613     0119                     DACCON1         equ	281	;# 
   614     011D                     APFCON          equ	285	;# 
   615     011D                     APFCON0         equ	285	;# 
   616     018C                     ANSELA          equ	396	;# 
   617     0191                     PMADR           equ	401	;# 
   618     0191                     PMADRL          equ	401	;# 
   619     0192                     PMADRH          equ	402	;# 
   620     0193                     PMDAT           equ	403	;# 
   621     0193                     PMDATL          equ	403	;# 
   622     0194                     PMDATH          equ	404	;# 
   623     0195                     PMCON1          equ	405	;# 
   624     0196                     PMCON2          equ	406	;# 
   625     0197                     VREGCON         equ	407	;# 
   626     0199                     RCREG           equ	409	;# 
   627     019A                     TXREG           equ	410	;# 
   628     019B                     SPBRG           equ	411	;# 
   629     019B                     SPBRGL          equ	411	;# 
   630     019C                     SPBRGH          equ	412	;# 
   631     019D                     RCSTA           equ	413	;# 
   632     019E                     TXSTA           equ	414	;# 
   633     019F                     BAUDCON         equ	415	;# 
   634     020C                     WPUA            equ	524	;# 
   635     028C                     ODCONA          equ	652	;# 
   636     030C                     SLRCONA         equ	780	;# 
   637     038C                     INLVLA          equ	908	;# 
   638     0391                     IOCAP           equ	913	;# 
   639     0392                     IOCAN           equ	914	;# 
   640     0393                     IOCAF           equ	915	;# 
   641     0691                     CWG1DBR         equ	1681	;# 
   642     0692                     CWG1DBF         equ	1682	;# 
   643     0693                     CWG1CON0        equ	1683	;# 
   644     0694                     CWG1CON1        equ	1684	;# 
   645     0695                     CWG1CON2        equ	1685	;# 
   646     0D8E                     PWMEN           equ	3470	;# 
   647     0D8F                     PWMLD           equ	3471	;# 
   648     0D90                     PWMOUT          equ	3472	;# 
   649     0D91                     PWM1PH          equ	3473	;# 
   650     0D91                     PWM1PHL         equ	3473	;# 
   651     0D92                     PWM1PHH         equ	3474	;# 
   652     0D93                     PWM1DC          equ	3475	;# 
   653     0D93                     PWM1DCL         equ	3475	;# 
   654     0D94                     PWM1DCH         equ	3476	;# 
   655     0D95                     PWM1PR          equ	3477	;# 
   656     0D95                     PWM1PRL         equ	3477	;# 
   657     0D96                     PWM1PRH         equ	3478	;# 
   658     0D97                     PWM1OF          equ	3479	;# 
   659     0D97                     PWM1OFL         equ	3479	;# 
   660     0D98                     PWM1OFH         equ	3480	;# 
   661     0D99                     PWM1TMR         equ	3481	;# 
   662     0D99                     PWM1TMRL        equ	3481	;# 
   663     0D9A                     PWM1TMRH        equ	3482	;# 
   664     0D9B                     PWM1CON         equ	3483	;# 
   665     0D9C                     PWM1INTE        equ	3484	;# 
   666     0D9C                     PWM1INTCON      equ	3484	;# 
   667     0D9D                     PWM1INTF        equ	3485	;# 
   668     0D9D                     PWM1INTFLG      equ	3485	;# 
   669     0D9E                     PWM1CLKCON      equ	3486	;# 
   670     0D9F                     PWM1LDCON       equ	3487	;# 
   671     0DA0                     PWM1OFCON       equ	3488	;# 
   672     0DA1                     PWM2PH          equ	3489	;# 
   673     0DA1                     PWM2PHL         equ	3489	;# 
   674     0DA2                     PWM2PHH         equ	3490	;# 
   675     0DA3                     PWM2DC          equ	3491	;# 
   676     0DA3                     PWM2DCL         equ	3491	;# 
   677     0DA4                     PWM2DCH         equ	3492	;# 
   678     0DA5                     PWM2PR          equ	3493	;# 
   679     0DA5                     PWM2PRL         equ	3493	;# 
   680     0DA6                     PWM2PRH         equ	3494	;# 
   681     0DA7                     PWM2OF          equ	3495	;# 
   682     0DA7                     PWM2OFL         equ	3495	;# 
   683     0DA8                     PWM2OFH         equ	3496	;# 
   684     0DA9                     PWM2TMR         equ	3497	;# 
   685     0DA9                     PWM2TMRL        equ	3497	;# 
   686     0DAA                     PWM2TMRH        equ	3498	;# 
   687     0DAB                     PWM2CON         equ	3499	;# 
   688     0DAC                     PWM2INTE        equ	3500	;# 
   689     0DAC                     PWM2INTCON      equ	3500	;# 
   690     0DAD                     PWM2INTF        equ	3501	;# 
   691     0DAD                     PWM2INTFLG      equ	3501	;# 
   692     0DAE                     PWM2CLKCON      equ	3502	;# 
   693     0DAF                     PWM2LDCON       equ	3503	;# 
   694     0DB0                     PWM2OFCON       equ	3504	;# 
   695     0DB1                     PWM3PH          equ	3505	;# 
   696     0DB1                     PWM3PHL         equ	3505	;# 
   697     0DB2                     PWM3PHH         equ	3506	;# 
   698     0DB3                     PWM3DC          equ	3507	;# 
   699     0DB3                     PWM3DCL         equ	3507	;# 
   700     0DB4                     PWM3DCH         equ	3508	;# 
   701     0DB5                     PWM3PR          equ	3509	;# 
   702     0DB5                     PWM3PRL         equ	3509	;# 
   703     0DB6                     PWM3PRH         equ	3510	;# 
   704     0DB7                     PWM3OF          equ	3511	;# 
   705     0DB7                     PWM3OFL         equ	3511	;# 
   706     0DB8                     PWM3OFH         equ	3512	;# 
   707     0DB9                     PWM3TMR         equ	3513	;# 
   708     0DB9                     PWM3TMRL        equ	3513	;# 
   709     0DBA                     PWM3TMRH        equ	3514	;# 
   710     0DBB                     PWM3CON         equ	3515	;# 
   711     0DBC                     PWM3INTE        equ	3516	;# 
   712     0DBC                     PWM3INTCON      equ	3516	;# 
   713     0DBD                     PWM3INTF        equ	3517	;# 
   714     0DBD                     PWM3INTFLG      equ	3517	;# 
   715     0DBE                     PWM3CLKCON      equ	3518	;# 
   716     0DBF                     PWM3LDCON       equ	3519	;# 
   717     0DC0                     PWM3OFCON       equ	3520	;# 
   718     0FE4                     STATUS_SHAD     equ	4068	;# 
   719     0FE5                     WREG_SHAD       equ	4069	;# 
   720     0FE6                     BSR_SHAD        equ	4070	;# 
   721     0FE7                     PCLATH_SHAD     equ	4071	;# 
   722     0FE8                     FSR0_SHAD       equ	4072	;# 
   723     0FE8                     FSR0L_SHAD      equ	4072	;# 
   724     0FE9                     FSR0H_SHAD      equ	4073	;# 
   725     0FEA                     FSR1_SHAD       equ	4074	;# 
   726     0FEA                     FSR1L_SHAD      equ	4074	;# 
   727     0FEB                     FSR1H_SHAD      equ	4075	;# 
   728     0FED                     STKPTR          equ	4077	;# 
   729     0FEE                     TOS             equ	4078	;# 
   730     0FEE                     TOSL            equ	4078	;# 
   731     0FEF                     TOSH            equ	4079	;# 
   732     0000                     INDF0           equ	0	;# 
   733     0001                     INDF1           equ	1	;# 
   734     0002                     PCL             equ	2	;# 
   735     0003                     STATUS          equ	3	;# 
   736     0004                     FSR0L           equ	4	;# 
   737     0005                     FSR0H           equ	5	;# 
   738     0006                     FSR1L           equ	6	;# 
   739     0007                     FSR1H           equ	7	;# 
   740     0008                     BSR             equ	8	;# 
   741     0009                     WREG            equ	9	;# 
   742     000A                     PCLATH          equ	10	;# 
   743     000B                     INTCON          equ	11	;# 
   744     000C                     PORTA           equ	12	;# 
   745     0011                     PIR1            equ	17	;# 
   746     0012                     PIR2            equ	18	;# 
   747     0013                     PIR3            equ	19	;# 
   748     0015                     TMR0            equ	21	;# 
   749     0016                     TMR1            equ	22	;# 
   750     0016                     TMR1L           equ	22	;# 
   751     0017                     TMR1H           equ	23	;# 
   752     0018                     T1CON           equ	24	;# 
   753     0019                     T1GCON          equ	25	;# 
   754     001A                     TMR2            equ	26	;# 
   755     001B                     PR2             equ	27	;# 
   756     001C                     T2CON           equ	28	;# 
   757     008C                     TRISA           equ	140	;# 
   758     0091                     PIE1            equ	145	;# 
   759     0092                     PIE2            equ	146	;# 
   760     0093                     PIE3            equ	147	;# 
   761     0095                     OPTION_REG      equ	149	;# 
   762     0096                     PCON            equ	150	;# 
   763     0097                     WDTCON          equ	151	;# 
   764     0098                     OSCTUNE         equ	152	;# 
   765     0099                     OSCCON          equ	153	;# 
   766     009A                     OSCSTAT         equ	154	;# 
   767     009B                     ADRES           equ	155	;# 
   768     009B                     ADRESL          equ	155	;# 
   769     009C                     ADRESH          equ	156	;# 
   770     009D                     ADCON0          equ	157	;# 
   771     009E                     ADCON1          equ	158	;# 
   772     009F                     ADCON2          equ	159	;# 
   773     010C                     LATA            equ	268	;# 
   774     0111                     CM1CON0         equ	273	;# 
   775     0112                     CM1CON1         equ	274	;# 
   776     0115                     CMOUT           equ	277	;# 
   777     0116                     BORCON          equ	278	;# 
   778     0117                     FVRCON          equ	279	;# 
   779     0118                     DACCON0         equ	280	;# 
   780     0119                     DACCON1         equ	281	;# 
   781     011D                     APFCON          equ	285	;# 
   782     011D                     APFCON0         equ	285	;# 
   783     018C                     ANSELA          equ	396	;# 
   784     0191                     PMADR           equ	401	;# 
   785     0191                     PMADRL          equ	401	;# 
   786     0192                     PMADRH          equ	402	;# 
   787     0193                     PMDAT           equ	403	;# 
   788     0193                     PMDATL          equ	403	;# 
   789     0194                     PMDATH          equ	404	;# 
   790     0195                     PMCON1          equ	405	;# 
   791     0196                     PMCON2          equ	406	;# 
   792     0197                     VREGCON         equ	407	;# 
   793     0199                     RCREG           equ	409	;# 
   794     019A                     TXREG           equ	410	;# 
   795     019B                     SPBRG           equ	411	;# 
   796     019B                     SPBRGL          equ	411	;# 
   797     019C                     SPBRGH          equ	412	;# 
   798     019D                     RCSTA           equ	413	;# 
   799     019E                     TXSTA           equ	414	;# 
   800     019F                     BAUDCON         equ	415	;# 
   801     020C                     WPUA            equ	524	;# 
   802     028C                     ODCONA          equ	652	;# 
   803     030C                     SLRCONA         equ	780	;# 
   804     038C                     INLVLA          equ	908	;# 
   805     0391                     IOCAP           equ	913	;# 
   806     0392                     IOCAN           equ	914	;# 
   807     0393                     IOCAF           equ	915	;# 
   808     0691                     CWG1DBR         equ	1681	;# 
   809     0692                     CWG1DBF         equ	1682	;# 
   810     0693                     CWG1CON0        equ	1683	;# 
   811     0694                     CWG1CON1        equ	1684	;# 
   812     0695                     CWG1CON2        equ	1685	;# 
   813     0D8E                     PWMEN           equ	3470	;# 
   814     0D8F                     PWMLD           equ	3471	;# 
   815     0D90                     PWMOUT          equ	3472	;# 
   816     0D91                     PWM1PH          equ	3473	;# 
   817     0D91                     PWM1PHL         equ	3473	;# 
   818     0D92                     PWM1PHH         equ	3474	;# 
   819     0D93                     PWM1DC          equ	3475	;# 
   820     0D93                     PWM1DCL         equ	3475	;# 
   821     0D94                     PWM1DCH         equ	3476	;# 
   822     0D95                     PWM1PR          equ	3477	;# 
   823     0D95                     PWM1PRL         equ	3477	;# 
   824     0D96                     PWM1PRH         equ	3478	;# 
   825     0D97                     PWM1OF          equ	3479	;# 
   826     0D97                     PWM1OFL         equ	3479	;# 
   827     0D98                     PWM1OFH         equ	3480	;# 
   828     0D99                     PWM1TMR         equ	3481	;# 
   829     0D99                     PWM1TMRL        equ	3481	;# 
   830     0D9A                     PWM1TMRH        equ	3482	;# 
   831     0D9B                     PWM1CON         equ	3483	;# 
   832     0D9C                     PWM1INTE        equ	3484	;# 
   833     0D9C                     PWM1INTCON      equ	3484	;# 
   834     0D9D                     PWM1INTF        equ	3485	;# 
   835     0D9D                     PWM1INTFLG      equ	3485	;# 
   836     0D9E                     PWM1CLKCON      equ	3486	;# 
   837     0D9F                     PWM1LDCON       equ	3487	;# 
   838     0DA0                     PWM1OFCON       equ	3488	;# 
   839     0DA1                     PWM2PH          equ	3489	;# 
   840     0DA1                     PWM2PHL         equ	3489	;# 
   841     0DA2                     PWM2PHH         equ	3490	;# 
   842     0DA3                     PWM2DC          equ	3491	;# 
   843     0DA3                     PWM2DCL         equ	3491	;# 
   844     0DA4                     PWM2DCH         equ	3492	;# 
   845     0DA5                     PWM2PR          equ	3493	;# 
   846     0DA5                     PWM2PRL         equ	3493	;# 
   847     0DA6                     PWM2PRH         equ	3494	;# 
   848     0DA7                     PWM2OF          equ	3495	;# 
   849     0DA7                     PWM2OFL         equ	3495	;# 
   850     0DA8                     PWM2OFH         equ	3496	;# 
   851     0DA9                     PWM2TMR         equ	3497	;# 
   852     0DA9                     PWM2TMRL        equ	3497	;# 
   853     0DAA                     PWM2TMRH        equ	3498	;# 
   854     0DAB                     PWM2CON         equ	3499	;# 
   855     0DAC                     PWM2INTE        equ	3500	;# 
   856     0DAC                     PWM2INTCON      equ	3500	;# 
   857     0DAD                     PWM2INTF        equ	3501	;# 
   858     0DAD                     PWM2INTFLG      equ	3501	;# 
   859     0DAE                     PWM2CLKCON      equ	3502	;# 
   860     0DAF                     PWM2LDCON       equ	3503	;# 
   861     0DB0                     PWM2OFCON       equ	3504	;# 
   862     0DB1                     PWM3PH          equ	3505	;# 
   863     0DB1                     PWM3PHL         equ	3505	;# 
   864     0DB2                     PWM3PHH         equ	3506	;# 
   865     0DB3                     PWM3DC          equ	3507	;# 
   866     0DB3                     PWM3DCL         equ	3507	;# 
   867     0DB4                     PWM3DCH         equ	3508	;# 
   868     0DB5                     PWM3PR          equ	3509	;# 
   869     0DB5                     PWM3PRL         equ	3509	;# 
   870     0DB6                     PWM3PRH         equ	3510	;# 
   871     0DB7                     PWM3OF          equ	3511	;# 
   872     0DB7                     PWM3OFL         equ	3511	;# 
   873     0DB8                     PWM3OFH         equ	3512	;# 
   874     0DB9                     PWM3TMR         equ	3513	;# 
   875     0DB9                     PWM3TMRL        equ	3513	;# 
   876     0DBA                     PWM3TMRH        equ	3514	;# 
   877     0DBB                     PWM3CON         equ	3515	;# 
   878     0DBC                     PWM3INTE        equ	3516	;# 
   879     0DBC                     PWM3INTCON      equ	3516	;# 
   880     0DBD                     PWM3INTF        equ	3517	;# 
   881     0DBD                     PWM3INTFLG      equ	3517	;# 
   882     0DBE                     PWM3CLKCON      equ	3518	;# 
   883     0DBF                     PWM3LDCON       equ	3519	;# 
   884     0DC0                     PWM3OFCON       equ	3520	;# 
   885     0FE4                     STATUS_SHAD     equ	4068	;# 
   886     0FE5                     WREG_SHAD       equ	4069	;# 
   887     0FE6                     BSR_SHAD        equ	4070	;# 
   888     0FE7                     PCLATH_SHAD     equ	4071	;# 
   889     0FE8                     FSR0_SHAD       equ	4072	;# 
   890     0FE8                     FSR0L_SHAD      equ	4072	;# 
   891     0FE9                     FSR0H_SHAD      equ	4073	;# 
   892     0FEA                     FSR1_SHAD       equ	4074	;# 
   893     0FEA                     FSR1L_SHAD      equ	4074	;# 
   894     0FEB                     FSR1H_SHAD      equ	4075	;# 
   895     0FED                     STKPTR          equ	4077	;# 
   896     0FEE                     TOS             equ	4078	;# 
   897     0FEE                     TOSL            equ	4078	;# 
   898     0FEF                     TOSH            equ	4079	;# 
   899                           
   900 ;; Function _INT_DefaultInterruptHandler is unused but had its address taken
   901     0000                     _INT_DefaultInterruptHandler equ	0
   902                           
   903                           	psect	nvCOMMON
   904     0070                     __pnvCOMMON:
   905     0070                     _INT_InterruptHandler:
   906     0070                     	ds	2
   907     000B                     _INTCONbits     set	11
   908     008C                     _TRISA          set	140
   909     0098                     _OSCTUNE        set	152
   910     0099                     _OSCCON         set	153
   911     0095                     _OPTION_REGbits set	149
   912     010C                     _LATAbits       set	268
   913     010C                     _LATA           set	268
   914     0116                     _BORCON         set	278
   915     018C                     _ANSELA         set	396
   916     020C                     _WPUA           set	524
   917     028C                     _ODCONA         set	652
   918     030C                     _SLRCONA        set	780
   919     0393                     _IOCAF          set	915
   920     0392                     _IOCAN          set	914
   921     0391                     _IOCAP          set	913
   922     038C                     _INLVLA         set	908
   923                           
   924                           	psect	cinit
   925     07FE                     start_initialization:	
   926                           ; #config settings
   927                           
   928     07FE                     __initialization:
   929     07FE                     end_of_initialization:	
   930                           ;End of C runtime variable initialization code
   931                           
   932     07FE                     __end_of__initialization:
   933     07FE  0020               	movlb	0
   934     07FF  2FC2               	ljmp	_main	;jump to C main() function
   935                           
   936                           	psect	cstackCOMMON
   937     0072                     __pcstackCOMMON:
   938     0072                     ?_INT_SetInterruptHandler:
   939     0072                     ?_PIN_MANAGER_Initialize:	
   940                           ; 1 bytes @ 0x0
   941                           
   942     0072                     ?_INTERRUPT_Initialize:	
   943                           ; 1 bytes @ 0x0
   944                           
   945     0072                     ?_CLOCK_Initialize:	
   946                           ; 1 bytes @ 0x0
   947                           
   948     0072                     ?_SYSTEM_Initialize:	
   949                           ; 1 bytes @ 0x0
   950                           
   951     0072                     ?_main:	
   952                           ; 1 bytes @ 0x0
   953                           
   954     0072                     INT_SetInterruptHandler@InterruptHandler:	
   955                           ; 2 bytes @ 0x0
   956                           
   957     0072                     ??_PIN_MANAGER_Initialize:	
   958                           ; 2 bytes @ 0x0
   959                           
   960     0072                     ??_CLOCK_Initialize:	
   961                           ; 1 bytes @ 0x0
   962                           
   963                           
   964                           ; 1 bytes @ 0x0
   965     0072                     	ds	2
   966     0074                     ??_INT_SetInterruptHandler:
   967     0074                     ??_INTERRUPT_Initialize:	
   968                           ; 1 bytes @ 0x2
   969                           
   970     0074                     ??_SYSTEM_Initialize:	
   971                           ; 1 bytes @ 0x2
   972                           
   973     0074                     ??_main:	
   974                           ; 1 bytes @ 0x2
   975                           
   976                           
   977                           	psect	maintext
   978     07C2                     __pmaintext:	
   979                           ; 1 bytes @ 0x2
   980 ;;
   981 ;;Main: autosize = 0, tempsize = 0, incstack = 0, save=0
   982 ;;
   983 ;; *************** function _main *****************
   984 ;; Defined at:
   985 ;;		line 41 in file "main.c"
   986 ;; Parameters:    Size  Location     Type
   987 ;;		None
   988 ;; Auto vars:     Size  Location     Type
   989 ;;		None
   990 ;; Return value:  Size  Location     Type
   991 ;;                  2   82[None  ] int 
   992 ;; Registers used:
   993 ;;		wreg, status,2, status,0, pclath, cstack
   994 ;; Tracked objects:
   995 ;;		On entry : B1F/0
   996 ;;		On exit  : 0/0
   997 ;;		Unchanged: 0/0
   998 ;; Data sizes:     COMMON   BANK0   BANK1   BANK2
   999 ;;      Params:         0       0       0       0
  1000 ;;      Locals:         0       0       0       0
  1001 ;;      Temps:          0       0       0       0
  1002 ;;      Totals:         0       0       0       0
  1003 ;;Total ram usage:        0 bytes
  1004 ;; Hardware stack levels required when called: 3
  1005 ;; This function calls:
  1006 ;;		_SYSTEM_Initialize
  1007 ;; This function is called by:
  1008 ;;		Startup code after reset
  1009 ;; This function uses a non-reentrant model
  1010 ;;
  1011                           
  1012     07C2                     _main:	
  1013                           ;psect for function _main
  1014                           
  1015     07C2                     l608:	
  1016                           ;incstack = 0
  1017                           ; Regs used in _main: [wreg+status,2+status,0+pclath+cstack]
  1018                           
  1019                           
  1020                           ;main.c: 43:     SYSTEM_Initialize();
  1021     07C2  3187  27D1  3187   	fcall	_SYSTEM_Initialize
  1022     07C5                     l610:
  1023                           
  1024                           ;main.c: 61:     {;main.c: 62:         LATAbits.LATA2 = 1;
  1025     07C5  0022               	movlb	2	; select bank2
  1026     07C6  150C               	bsf	12,2	;volatile
  1027     07C7  2FC5               	goto	l610
  1028     07C8  2801               	ljmp	start
  1029     07C9                     __end_of_main:
  1030                           
  1031                           	psect	text1
  1032     07D1                     __ptext1:	
  1033 ;; *************** function _SYSTEM_Initialize *****************
  1034 ;; Defined at:
  1035 ;;		line 39 in file "mcc_generated_files/system/src/system.c"
  1036 ;; Parameters:    Size  Location     Type
  1037 ;;		None
  1038 ;; Auto vars:     Size  Location     Type
  1039 ;;		None
  1040 ;; Return value:  Size  Location     Type
  1041 ;;                  1    wreg      void 
  1042 ;; Registers used:
  1043 ;;		wreg, status,2, status,0, pclath, cstack
  1044 ;; Tracked objects:
  1045 ;;		On entry : 0/0
  1046 ;;		On exit  : 0/0
  1047 ;;		Unchanged: 0/0
  1048 ;; Data sizes:     COMMON   BANK0   BANK1   BANK2
  1049 ;;      Params:         0       0       0       0
  1050 ;;      Locals:         0       0       0       0
  1051 ;;      Temps:          0       0       0       0
  1052 ;;      Totals:         0       0       0       0
  1053 ;;Total ram usage:        0 bytes
  1054 ;; Hardware stack levels used: 1
  1055 ;; Hardware stack levels required when called: 2
  1056 ;; This function calls:
  1057 ;;		_CLOCK_Initialize
  1058 ;;		_INTERRUPT_Initialize
  1059 ;;		_PIN_MANAGER_Initialize
  1060 ;; This function is called by:
  1061 ;;		_main
  1062 ;; This function uses a non-reentrant model
  1063 ;;
  1064                           
  1065     07D1                     _SYSTEM_Initialize:	
  1066                           ;psect for function _SYSTEM_Initialize
  1067                           
  1068     07D1                     l604:	
  1069                           ;incstack = 0
  1070                           ; Regs used in _SYSTEM_Initialize: [wreg+status,2+status,0+pclath+cstack]
  1071                           
  1072                           
  1073                           ;mcc_generated_files/system/src/system.c: 41:     CLOCK_Initialize();
  1074     07D1  3187  27C9  3187   	fcall	_CLOCK_Initialize
  1075                           
  1076                           ;mcc_generated_files/system/src/system.c: 42:     PIN_MANAGER_Initialize();
  1077     07D4  3187  27E6  3187   	fcall	_PIN_MANAGER_Initialize
  1078     07D7                     l606:
  1079                           
  1080                           ;mcc_generated_files/system/src/system.c: 43:     INTERRUPT_Initialize();
  1081     07D7  3187  27DB  3187   	fcall	_INTERRUPT_Initialize
  1082     07DA                     l46:
  1083     07DA  0008               	return
  1084     07DB                     __end_of_SYSTEM_Initialize:
  1085                           
  1086                           	psect	text2
  1087     07E6                     __ptext2:	
  1088 ;; *************** function _PIN_MANAGER_Initialize *****************
  1089 ;; Defined at:
  1090 ;;		line 38 in file "mcc_generated_files/system/src/pins.c"
  1091 ;; Parameters:    Size  Location     Type
  1092 ;;		None
  1093 ;; Auto vars:     Size  Location     Type
  1094 ;;		None
  1095 ;; Return value:  Size  Location     Type
  1096 ;;                  1    wreg      void 
  1097 ;; Registers used:
  1098 ;;		status,2
  1099 ;; Tracked objects:
  1100 ;;		On entry : 0/0
  1101 ;;		On exit  : 0/0
  1102 ;;		Unchanged: 0/0
  1103 ;; Data sizes:     COMMON   BANK0   BANK1   BANK2
  1104 ;;      Params:         0       0       0       0
  1105 ;;      Locals:         0       0       0       0
  1106 ;;      Temps:          0       0       0       0
  1107 ;;      Totals:         0       0       0       0
  1108 ;;Total ram usage:        0 bytes
  1109 ;; Hardware stack levels used: 1
  1110 ;; This function calls:
  1111 ;;		Nothing
  1112 ;; This function is called by:
  1113 ;;		_SYSTEM_Initialize
  1114 ;; This function uses a non-reentrant model
  1115 ;;
  1116                           
  1117     07E6                     _PIN_MANAGER_Initialize:	
  1118                           ;psect for function _PIN_MANAGER_Initialize
  1119                           
  1120     07E6                     l570:	
  1121                           ;incstack = 0
  1122                           ; Regs used in _PIN_MANAGER_Initialize: [status,2]
  1123                           
  1124                           
  1125                           ;mcc_generated_files/system/src/pins.c: 43:     LATA = 0x0;
  1126     07E6  0022               	movlb	2	; select bank2
  1127     07E7  018C               	clrf	12	;volatile
  1128     07E8                     l572:
  1129                           
  1130                           ;mcc_generated_files/system/src/pins.c: 48:     TRISA = 0x8;
  1131     07E8  3008               	movlw	8
  1132     07E9  0021               	movlb	1	; select bank1
  1133     07EA  008C               	movwf	12	;volatile
  1134                           
  1135                           ;mcc_generated_files/system/src/pins.c: 53:     ANSELA = 0x0;
  1136     07EB  0023               	movlb	3	; select bank3
  1137     07EC  018C               	clrf	12	;volatile
  1138     07ED                     l574:
  1139                           
  1140                           ;mcc_generated_files/system/src/pins.c: 58:     WPUA = 0x8;
  1141     07ED  3008               	movlw	8
  1142     07EE  0024               	movlb	4	; select bank4
  1143     07EF  008C               	movwf	12	;volatile
  1144     07F0                     l576:
  1145                           
  1146                           ;mcc_generated_files/system/src/pins.c: 59:     OPTION_REGbits.nWPUEN = 0x0;
  1147     07F0  0021               	movlb	1	; select bank1
  1148     07F1  1395               	bcf	21,7	;volatile
  1149                           
  1150                           ;mcc_generated_files/system/src/pins.c: 65:     ODCONA = 0x0;
  1151     07F2  0025               	movlb	5	; select bank5
  1152     07F3  018C               	clrf	12	;volatile
  1153     07F4                     l578:
  1154                           
  1155                           ;mcc_generated_files/system/src/pins.c: 69:     SLRCONA = 0x37;
  1156     07F4  3037               	movlw	55
  1157     07F5  0026               	movlb	6	; select bank6
  1158     07F6  008C               	movwf	12	;volatile
  1159     07F7                     l580:
  1160                           
  1161                           ;mcc_generated_files/system/src/pins.c: 73:     INLVLA = 0x3F;
  1162     07F7  303F               	movlw	63
  1163     07F8  0027               	movlb	7	; select bank7
  1164     07F9  008C               	movwf	12	;volatile
  1165                           
  1166                           ;mcc_generated_files/system/src/pins.c: 86:     IOCAP = 0x0;
  1167     07FA  0191               	clrf	17	;volatile
  1168                           
  1169                           ;mcc_generated_files/system/src/pins.c: 87:     IOCAN = 0x0;
  1170     07FB  0192               	clrf	18	;volatile
  1171                           
  1172                           ;mcc_generated_files/system/src/pins.c: 88:     IOCAF = 0x0;
  1173     07FC  0193               	clrf	19	;volatile
  1174     07FD                     l71:
  1175     07FD  0008               	return
  1176     07FE                     __end_of_PIN_MANAGER_Initialize:
  1177                           
  1178                           	psect	text3
  1179     07DB                     __ptext3:	
  1180 ;; *************** function _INTERRUPT_Initialize *****************
  1181 ;; Defined at:
  1182 ;;		line 40 in file "mcc_generated_files/system/src/interrupt.c"
  1183 ;; Parameters:    Size  Location     Type
  1184 ;;		None
  1185 ;; Auto vars:     Size  Location     Type
  1186 ;;		None
  1187 ;; Return value:  Size  Location     Type
  1188 ;;                  1    wreg      void 
  1189 ;; Registers used:
  1190 ;;		wreg, status,2, status,0, pclath, cstack
  1191 ;; Tracked objects:
  1192 ;;		On entry : 0/0
  1193 ;;		On exit  : 0/0
  1194 ;;		Unchanged: 0/0
  1195 ;; Data sizes:     COMMON   BANK0   BANK1   BANK2
  1196 ;;      Params:         0       0       0       0
  1197 ;;      Locals:         0       0       0       0
  1198 ;;      Temps:          0       0       0       0
  1199 ;;      Totals:         0       0       0       0
  1200 ;;Total ram usage:        0 bytes
  1201 ;; Hardware stack levels used: 1
  1202 ;; Hardware stack levels required when called: 1
  1203 ;; This function calls:
  1204 ;;		_INT_SetInterruptHandler
  1205 ;; This function is called by:
  1206 ;;		_SYSTEM_Initialize
  1207 ;; This function uses a non-reentrant model
  1208 ;;
  1209                           
  1210     07DB                     _INTERRUPT_Initialize:	
  1211                           ;psect for function _INTERRUPT_Initialize
  1212                           
  1213     07DB                     l600:	
  1214                           ;incstack = 0
  1215                           ; Regs used in _INTERRUPT_Initialize: [wreg+status,2+status,0+pclath+cstack]
  1216                           
  1217                           
  1218                           ;mcc_generated_files/system/src/interrupt.c: 44:     (INTCONbits.INTF = 0U);
  1219     07DB  108B               	bcf	11,1	;volatile
  1220                           
  1221                           ;mcc_generated_files/system/src/interrupt.c: 45:     (OPTION_REGbits.INTEDG = 1U);
  1222     07DC  0021               	movlb	1	; select bank1
  1223     07DD  1715               	bsf	21,6	;volatile
  1224     07DE                     l602:
  1225                           
  1226                           ;mcc_generated_files/system/src/interrupt.c: 47:     INT_SetInterruptHandler(INT_Default
      +                          InterruptHandler);
  1227     07DE  3000               	movlw	0
  1228     07DF  00F2               	movwf	INT_SetInterruptHandler@InterruptHandler
  1229     07E0  3000               	movlw	0
  1230     07E1  00F3               	movwf	INT_SetInterruptHandler@InterruptHandler+1
  1231     07E2  3187  27BD  3187   	fcall	_INT_SetInterruptHandler
  1232     07E5                     l15:
  1233     07E5  0008               	return
  1234     07E6                     __end_of_INTERRUPT_Initialize:
  1235                           
  1236                           	psect	text4
  1237     07BD                     __ptext4:	
  1238 ;; *************** function _INT_SetInterruptHandler *****************
  1239 ;; Defined at:
  1240 ;;		line 71 in file "mcc_generated_files/system/src/interrupt.c"
  1241 ;; Parameters:    Size  Location     Type
  1242 ;;  InterruptHan    2    0[COMMON] PTR FTN()void 
  1243 ;;		 -> INT_DefaultInterruptHandler(1), 
  1244 ;; Auto vars:     Size  Location     Type
  1245 ;;		None
  1246 ;; Return value:  Size  Location     Type
  1247 ;;                  1    wreg      void 
  1248 ;; Registers used:
  1249 ;;		wreg
  1250 ;; Tracked objects:
  1251 ;;		On entry : 0/0
  1252 ;;		On exit  : 0/0
  1253 ;;		Unchanged: 0/0
  1254 ;; Data sizes:     COMMON   BANK0   BANK1   BANK2
  1255 ;;      Params:         2       0       0       0
  1256 ;;      Locals:         0       0       0       0
  1257 ;;      Temps:          0       0       0       0
  1258 ;;      Totals:         2       0       0       0
  1259 ;;Total ram usage:        2 bytes
  1260 ;; Hardware stack levels used: 1
  1261 ;; This function calls:
  1262 ;;		Nothing
  1263 ;; This function is called by:
  1264 ;;		_INTERRUPT_Initialize
  1265 ;; This function uses a non-reentrant model
  1266 ;;
  1267                           
  1268     07BD                     _INT_SetInterruptHandler:	
  1269                           ;psect for function _INT_SetInterruptHandler
  1270                           
  1271     07BD                     l598:	
  1272                           ;incstack = 0
  1273                           ; Regs used in _INT_SetInterruptHandler: [wreg]
  1274                           
  1275                           
  1276                           ;mcc_generated_files/system/src/interrupt.c: 72:     INT_InterruptHandler = InterruptHan
      +                          dler;
  1277     07BD  0873               	movf	INT_SetInterruptHandler@InterruptHandler+1,w
  1278     07BE  00F1               	movwf	_INT_InterruptHandler+1
  1279     07BF  0872               	movf	INT_SetInterruptHandler@InterruptHandler,w
  1280     07C0  00F0               	movwf	_INT_InterruptHandler
  1281     07C1                     l25:
  1282     07C1  0008               	return
  1283     07C2                     __end_of_INT_SetInterruptHandler:
  1284                           
  1285                           	psect	text5
  1286     07C9                     __ptext5:	
  1287 ;; *************** function _CLOCK_Initialize *****************
  1288 ;; Defined at:
  1289 ;;		line 39 in file "mcc_generated_files/system/src/clock.c"
  1290 ;; Parameters:    Size  Location     Type
  1291 ;;		None
  1292 ;; Auto vars:     Size  Location     Type
  1293 ;;		None
  1294 ;; Return value:  Size  Location     Type
  1295 ;;                  1    wreg      void 
  1296 ;; Registers used:
  1297 ;;		status,2
  1298 ;; Tracked objects:
  1299 ;;		On entry : 0/0
  1300 ;;		On exit  : 0/0
  1301 ;;		Unchanged: 0/0
  1302 ;; Data sizes:     COMMON   BANK0   BANK1   BANK2
  1303 ;;      Params:         0       0       0       0
  1304 ;;      Locals:         0       0       0       0
  1305 ;;      Temps:          0       0       0       0
  1306 ;;      Totals:         0       0       0       0
  1307 ;;Total ram usage:        0 bytes
  1308 ;; Hardware stack levels used: 1
  1309 ;; This function calls:
  1310 ;;		Nothing
  1311 ;; This function is called by:
  1312 ;;		_SYSTEM_Initialize
  1313 ;; This function uses a non-reentrant model
  1314 ;;
  1315                           
  1316     07C9                     _CLOCK_Initialize:	
  1317                           ;psect for function _CLOCK_Initialize
  1318                           
  1319     07C9                     l566:	
  1320                           ;incstack = 0
  1321                           ; Regs used in _CLOCK_Initialize: [status,2]
  1322                           
  1323                           
  1324                           ;mcc_generated_files/system/src/clock.c: 41:     OSCCON = (15 << 0x3)
  1325     07C9  3078               	movlw	120
  1326     07CA  0021               	movlb	1	; select bank1
  1327     07CB  0099               	movwf	25	;volatile
  1328     07CC                     l568:
  1329                           
  1330                           ;mcc_generated_files/system/src/clock.c: 44:     BORCON = (0 << 0x7)
  1331     07CC  0022               	movlb	2	; select bank2
  1332     07CD  0196               	clrf	22	;volatile
  1333                           
  1334                           ;mcc_generated_files/system/src/clock.c: 46:     OSCTUNE = (0 << 0x0);
  1335     07CE  0021               	movlb	1	; select bank1
  1336     07CF  0198               	clrf	24	;volatile
  1337     07D0                     l37:
  1338     07D0  0008               	return
  1339     07D1                     __end_of_CLOCK_Initialize:
  1340     0000                     ___latbits      equ	0
  1341     007E                     btemp           set	126	;btemp
  1342     007E                     btemp0          set	126
  1343     007F                     btemp1          set	127
  1344     007E                     wtemp0          set	126
  1345     007F                     wtemp0a         set	127
  1346     007F                     ttemp0a         set	127
  1347     0080                     ltemp0a         set	128
  1348                           
  1349                           	psect	config
  1350                           
  1351                           ;Config register CONFIG1 @ 0x8007
  1352                           ;	
  1353                           ;	FOSC = INTOSC, INTOSC oscillator; I/O function on CLKIN pin
  1354                           ;	Watchdog Timer Enable
  1355                           ;	WDTE = OFF, WDT disabled
  1356                           ;	Power-up Timer Enable
  1357                           ;	PWRTE = OFF, PWRT disabled
  1358                           ;	MCLR Pin Function Select
  1359                           ;	MCLRE = OFF, MCLR/VPP pin function is digital input
  1360                           ;	Flash Program Memory Code Protection
  1361                           ;	CP = OFF, Program memory code protection is disabled
  1362                           ;	Brown-out Reset Enable
  1363                           ;	BOREN = ON, Brown-out Reset enabled
  1364                           ;	Clock Out Enable
  1365                           ;	CLKOUTEN = OFF, CLKOUT function is disabled. I/O or oscillator function on the CLKOUT 
      +                          pin
  1366     8007                     	org	32775
  1367     8007  3FA4               	dw	16292
  1368                           
  1369                           ;Config register CONFIG2 @ 0x8008
  1370                           ;	Flash Memory Self-Write Protection
  1371                           ;	WRT = OFF, Write protection off
  1372                           ;	PLL Enable
  1373                           ;	PLLEN = OFF, 4x PLL disabled
  1374                           ;	Stack Overflow/Underflow Reset Enable
  1375                           ;	STVREN = ON, Stack Overflow or Underflow will cause a Reset
  1376                           ;	Brown-out Reset Voltage Selection
  1377                           ;	BORV = LO, Brown-out Reset Voltage (Vbor), low trip point selected.
  1378                           ;	Low Power Brown-out Reset enable bit
  1379                           ;	LPBOREN = OFF, LPBOR is disabled
  1380                           ;	In-Circuit Debugger Mode
  1381                           ;	DEBUG = 0x1, unprogrammed default
  1382                           ;	Low-Voltage Programming Enable
  1383                           ;	LVP = OFF, High-voltage on MCLR/VPP must be used for programming
  1384     8008                     	org	32776
  1385     8008  1EFF               	dw	7935

Data Sizes:
    Strings     0
    Constant    0
    Data        0
    BSS         0
    Persistent  50
    Stack       0

Auto Spaces:
    Space          Size  Autos    Used
    COMMON           14      2       4
    BANK0            80      0       0
    BANK1            80      0       0
    BANK2            80      0       0

Pointer List with Targets:

    INT_InterruptHandler	PTR FTN()void  size(2) Largest target is 1
		 -> INT_DefaultInterruptHandler(), NULL(), 

    INT_SetInterruptHandler@InterruptHandler	PTR FTN()void  size(2) Largest target is 1
		 -> INT_DefaultInterruptHandler(), 


Critical Paths under _main in COMMON

    _INTERRUPT_Initialize->_INT_SetInterruptHandler

Critical Paths under _main in BANK0

    None.

Critical Paths under _main in BANK1

    None.

Critical Paths under _main in BANK2

    None.

Call Graph Tables:

 ---------------------------------------------------------------------------------
 (Depth) Function   	        Calls       Base Space   Used Autos Params    Refs
 ---------------------------------------------------------------------------------
 (0) _main                                                 0     0      0      23
                  _SYSTEM_Initialize
 ---------------------------------------------------------------------------------
 (1) _SYSTEM_Initialize                                    0     0      0      23
                   _CLOCK_Initialize
               _INTERRUPT_Initialize
             _PIN_MANAGER_Initialize
 ---------------------------------------------------------------------------------
 (2) _PIN_MANAGER_Initialize                               0     0      0       0
 ---------------------------------------------------------------------------------
 (2) _INTERRUPT_Initialize                                 0     0      0      23
            _INT_SetInterruptHandler
 ---------------------------------------------------------------------------------
 (3) _INT_SetInterruptHandler                              2     0      2      23
                                              0 COMMON     2     0      2
 ---------------------------------------------------------------------------------
 (2) _CLOCK_Initialize                                     0     0      0       0
 ---------------------------------------------------------------------------------
 Estimated maximum stack depth 3
 ---------------------------------------------------------------------------------

 Call Graph Graphs:

 _main (ROOT)
   _SYSTEM_Initialize
     _CLOCK_Initialize
     _INTERRUPT_Initialize
       _INT_SetInterruptHandler
     _PIN_MANAGER_Initialize

Address spaces:
Name               Size   Autos  Total    Usage
BITCOMMON           14      0       0      0.0%
BITBANK0            80      0       0      0.0%
BITBANK1            80      0       0      0.0%
BITBANK2            80      0       0      0.0%
BIGRAM             240      0       0      0.0%
COMMON              14      2       4     28.6%
BANK0               80      0       0      0.0%
BANK1               80      0       0      0.0%
BANK2               80      0       0      0.0%
STACK                0      0       0      0.0%
DATA                 0      0       4      0.0%


Microchip Technology PIC Macro Assembler V3.10 build 20250813170317 
Symbol Table                                                                                   Tue Sep 15 18:11:31 2026

                                     l15 07E5                                       l25 07C1  
                                     l37 07D0                                       l46 07DA  
                                     l71 07FD                                      l600 07DB  
                                    l602 07DE                                      l610 07C5  
                                    l604 07D1                                      l606 07D7  
                                    l608 07C2                                      l570 07E6  
                                    l580 07F7                                      l572 07E8  
                                    l566 07C9                                      l574 07ED  
                                    l568 07CC                                      l576 07F0  
                                    l578 07F4                                      l598 07BD  
                                   _LATA 010C                                     _WPUA 020C  
                                   _main 07C2                                     btemp 007E  
            _INT_DefaultInterruptHandler 0000                                     start 0001  
        __end_of_INT_SetInterruptHandler 07C2                                    ?_main 0072  
                                  _IOCAF 0393                                    _IOCAN 0392  
                                  _IOCAP 0391                                    _TRISA 008C  
                                  btemp0 007E                                    btemp1 007F  
                                  wtemp0 007E                          __initialization 07FE  
                           __end_of_main 07C9                                   ??_main 0074  
                                 _ANSELA 018C                                   _BORCON 0116  
                                 _ODCONA 028C                                   _INLVLA 038C  
                                 _OSCCON 0099                        ?_CLOCK_Initialize 0072  
                     ??_CLOCK_Initialize 0072                                   ltemp0a 0080  
                                 ttemp0a 007F  INT_SetInterruptHandler@InterruptHandler 0072  
                                 wtemp0a 007F                        _SYSTEM_Initialize 07D1  
                __end_of__initialization 07FE                       ?_SYSTEM_Initialize 0072  
                         __pcstackCOMMON 0072                      ??_SYSTEM_Initialize 0074  
                         _OPTION_REGbits 0095                __end_of_SYSTEM_Initialize 07DB  
                             __pnvCOMMON 0070                               __pmaintext 07C2  
                                _OSCTUNE 0098                                  _SLRCONA 030C  
                                __ptext1 07D1                                  __ptext2 07E6  
                                __ptext3 07DB                                  __ptext4 07BD  
                                __ptext5 07C9                 ??_PIN_MANAGER_Initialize 0072  
                _INT_SetInterruptHandler 07BD                     end_of_initialization 07FE  
           __end_of_INTERRUPT_Initialize 07E6                ??_INT_SetInterruptHandler 0074  
                    start_initialization 07FE                                ___latbits 0000  
                 _PIN_MANAGER_Initialize 07E6                     _INTERRUPT_Initialize 07DB  
                       _CLOCK_Initialize 07C9                                 _LATAbits 010C  
                  ?_INTERRUPT_Initialize 0072                               _INTCONbits 000B  
                   _INT_InterruptHandler 0070                   ??_INTERRUPT_Initialize 0074  
                ?_PIN_MANAGER_Initialize 0072                 ?_INT_SetInterruptHandler 0072  
               __end_of_CLOCK_Initialize 07D1           __end_of_PIN_MANAGER_Initialize 07FE  
